==================================================
TESTE DE SALVAMENTO NO BANCO
==================================================
EVOLUTION_INSTANCE_ID: 'informsistemas'
Tamanho: 14

Dados a serem salvos:
  id_mensagem: test_7726e982582c474ebb00 (tipo: str)
  instancia: informsistemas (tipo: str)
  de_mim: True (tipo: bool)
  numero_remetente: informsistemas (tipo: str)
  numero_destinatario: 5581999216560 (tipo: str)
  texto: Teste salvamento direto (tipo: str)
  timestamp: 2026-01-04 10:39:18.513277+00:00 (tipo: datetime)
  lead_id: None (tipo: NoneType)
  oportunidade_id: None (tipo: NoneType)

Lead encontrado: 6 - diego

Tentando criar WhatsappMessage...
SUCESSO! Mensagem criada com ID: 3
  id_mensagem: test_7726e982582c474ebb00
  timestamp: 2026-01-04 10:39:18.513277+00:00

==================================================
MENSAGENS EXISTENTES NO BANCO:
==================================================
  [3] test_7726e982582c474ebb00... | informsistemas -> 5581999216560
  [2] test_81263bc636014539a8a8... | informsistemas -> 5581999216560
  [1] test_6abda8014a474f07973d... | informsistemas -> 5581999216560
